Category: 📺央视频道, Name: CCTV-2, Total: 6, Valid: 6, Valid Percent: 100.00%, Whitelist: 0, IPv4: 6, IPv6: 0, Min Delay: 139 ms, Max Speed: 11.59 M/s, Avg Speed: 7.63 M/s, Max Resolution: 1280x720
Category: 📺央视频道, Name: CCTV-3, Total: 5, Valid: 5, Valid Percent: 100.00%, Whitelist: 0, IPv4: 5, IPv6: 0, Min Delay: 139 ms, Max Speed: 6.79 M/s, Avg Speed: 4.20 M/s, Max Resolution: 1920x1080
Category: 📺央视频道, Name: CCTV-4, Total: 14, Valid: 14, Valid Percent: 100.00%, Whitelist: 0, IPv4: 14, IPv6: 0, Min Delay: 140 ms, Max Speed: 15.53 M/s, Avg Speed: 9.00 M/s, Max Resolution: 1920x1080
Category: 📺央视频道, Name: CCTV-5, Total: 26, Valid: 26, Valid Percent: 100.00%, Whitelist: 0, IPv4: 26, IPv6: 0, Min Delay: 139 ms, Max Speed: 15.53 M/s, Avg Speed: 6.77 M/s, Max Resolution: 1920x1080
Category: 📺央视频道, Name: CCTV-5+, Total: 7, Valid: 7, Valid Percent: 100.00%, Whitelist: 0, IPv4: 7, IPv6: 0, Min Delay: 139 ms, Max Speed: 15.53 M/s, Avg Speed: 5.88 M/s, Max Resolution: 1920x1080
Category: 📺央视频道, Name: CCTV-6, Total: 17, Valid: 17, Valid Percent: 100.00%, Whitelist: 0, IPv4: 17, IPv6: 0, Min Delay: 139 ms, Max Speed: 15.53 M/s, Avg Speed: 9.18 M/s, Max Resolution: 1920x1080
Category: 📺央视频道, Name: CCTV-7, Total: 25, Valid: 25, Valid Percent: 100.00%, Whitelist: 0, IPv4: 25, IPv6: 0, Min Delay: 139 ms, Max Speed: 15.53 M/s, Avg Speed: 6.65 M/s, Max Resolution: 1920x1080
Category: 📺央视频道, Name: CCTV-8, Total: 24, Valid: 24, Valid Percent: 100.00%, Whitelist: 0, IPv4: 24, IPv6: 0, Min Delay: 139 ms, Max Speed: 15.53 M/s, Avg Speed: 7.69 M/s, Max Resolution: 1920x1080
Category: 📺央视频道, Name: CCTV-9, Total: 23, Valid: 23, Valid Percent: 100.00%, Whitelist: 0, IPv4: 23, IPv6: 0, Min Delay: 139 ms, Max Speed: 15.53 M/s, Avg Speed: 7.17 M/s, Max Resolution: 1920x1080
Category: 📺央视频道, Name: CCTV-10, Total: 26, Valid: 26, Valid Percent: 100.00%, Whitelist: 0, IPv4: 26, IPv6: 0, Min Delay: 139 ms, Max Speed: 15.53 M/s, Avg Speed: 6.43 M/s, Max Resolution: 1920x1080
Category: 📺央视频道, Name: CCTV-11, Total: 19, Valid: 19, Valid Percent: 100.00%, Whitelist: 0, IPv4: 19, IPv6: 0, Min Delay: 139 ms, Max Speed: 15.53 M/s, Avg Speed: 7.81 M/s, Max Resolution: 1920x1080
Category: 📺央视频道, Name: CCTV-12, Total: 20, Valid: 20, Valid Percent: 100.00%, Whitelist: 0, IPv4: 20, IPv6: 0, Min Delay: 139 ms, Max Speed: 15.53 M/s, Avg Speed: 8.14 M/s, Max Resolution: 1920x1080
Category: 📺央视频道, Name: CCTV-13, Total: 18, Valid: 18, Valid Percent: 100.00%, Whitelist: 0, IPv4: 18, IPv6: 0, Min Delay: 139 ms, Max Speed: 15.53 M/s, Avg Speed: 8.30 M/s, Max Resolution: 1920x1080
Category: 📺央视频道, Name: CCTV-14, Total: 25, Valid: 25, Valid Percent: 100.00%, Whitelist: 0, IPv4: 22, IPv6: 3, Min Delay: 139 ms, Max Speed: 15.53 M/s, Avg Speed: 7.00 M/s, Max Resolution: 1920x1080
Category: 📺央视频道, Name: CCTV-15, Total: 22, Valid: 22, Valid Percent: 100.00%, Whitelist: 0, IPv4: 22, IPv6: 0, Min Delay: 139 ms, Max Speed: 15.53 M/s, Avg Speed: 7.65 M/s, Max Resolution: 1920x1080
Category: 📺央视频道, Name: CCTV-16, Total: 19, Valid: 19, Valid Percent: 100.00%, Whitelist: 0, IPv4: 19, IPv6: 0, Min Delay: 139 ms, Max Speed: 15.53 M/s, Avg Speed: 7.05 M/s, Max Resolution: 1920x1080
Category: 📺央视频道, Name: CCTV-17, Total: 20, Valid: 20, Valid Percent: 100.00%, Whitelist: 0, IPv4: 20, IPv6: 0, Min Delay: 139 ms, Max Speed: 15.53 M/s, Avg Speed: 8.14 M/s, Max Resolution: 1920x1080
Category: 📺央视频道, Name: CETV-1, Total: 10, Valid: 10, Valid Percent: 100.00%, Whitelist: 0, IPv4: 10, IPv6: 0, Min Delay: 408 ms, Max Speed: 7.00 M/s, Avg Speed: 3.09 M/s, Max Resolution: 1920x1080
Category: 📺央视频道, Name: CETV-2, Total: 5, Valid: 5, Valid Percent: 100.00%, Whitelist: 0, IPv4: 5, IPv6: 0, Min Delay: 408 ms, Max Speed: 7.00 M/s, Avg Speed: 3.44 M/s, Max Resolution: 1920x1080
Category: 📺央视频道, Name: CETV-3, Total: 6, Valid: 6, Valid Percent: 100.00%, Whitelist: 0, IPv4: 6, IPv6: 0, Min Delay: 245 ms, Max Speed: 15.53 M/s, Avg Speed: 5.45 M/s, Max Resolution: 1920x1080
Category: 📺央视频道, Name: CETV-4, Total: 5, Valid: 5, Valid Percent: 100.00%, Whitelist: 0, IPv4: 5, IPv6: 0, Min Delay: 408 ms, Max Speed: 7.00 M/s, Avg Speed: 3.44 M/s, Max Resolution: 1920x1080
Category: 💰央视付费频道, Name: 文化精品, Total: 9, Valid: 9, Valid Percent: 100.00%, Whitelist: 0, IPv4: 9, IPv6: 0, Min Delay: 139 ms, Max Speed: 15.53 M/s, Avg Speed: 8.90 M/s, Max Resolution: 1920x1080
Category: 💰央视付费频道, Name: 央视台球, Total: 5, Valid: 5, Valid Percent: 100.00%, Whitelist: 0, IPv4: 5, IPv6: 0, Min Delay: 139 ms, Max Speed: 15.53 M/s, Avg Speed: 7.58 M/s, Max Resolution: 1280x720
Category: 💰央视付费频道, Name: 风云音乐, Total: 7, Valid: 7, Valid Percent: 100.00%, Whitelist: 0, IPv4: 7, IPv6: 0, Min Delay: 139 ms, Max Speed: 15.53 M/s, Avg Speed: 9.53 M/s, Max Resolution: 1920x1080
Category: 💰央视付费频道, Name: 第一剧场, Total: 10, Valid: 10, Valid Percent: 100.00%, Whitelist: 0, IPv4: 10, IPv6: 0, Min Delay: 139 ms, Max Speed: 15.53 M/s, Avg Speed: 7.17 M/s, Max Resolution: 1920x1080
Category: 💰央视付费频道, Name: 风云剧场, Total: 9, Valid: 9, Valid Percent: 100.00%, Whitelist: 0, IPv4: 9, IPv6: 0, Min Delay: 139 ms, Max Speed: 15.53 M/s, Avg Speed: 7.96 M/s, Max Resolution: 1920x1080
Category: 💰央视付费频道, Name: 怀旧剧场, Total: 8, Valid: 8, Valid Percent: 100.00%, Whitelist: 0, IPv4: 8, IPv6: 0, Min Delay: 139 ms, Max Speed: 15.53 M/s, Avg Speed: 8.95 M/s, Max Resolution: 1920x1080
Category: 💰央视付费频道, Name: 女性时尚, Total: 7, Valid: 7, Valid Percent: 100.00%, Whitelist: 0, IPv4: 7, IPv6: 0, Min Delay: 139 ms, Max Speed: 14.40 M/s, Avg Speed: 8.52 M/s, Max Resolution: 1920x1080
Category: 💰央视付费频道, Name: 高尔夫网球, Total: 5, Valid: 5, Valid Percent: 100.00%, Whitelist: 0, IPv4: 5, IPv6: 0, Min Delay: 139 ms, Max Speed: 6.79 M/s, Avg Speed: 5.45 M/s, Max Resolution: 1280x720
Category: 💰央视付费频道, Name: 风云足球, Total: 6, Valid: 6, Valid Percent: 100.00%, Whitelist: 0, IPv4: 6, IPv6: 0, Min Delay: 139 ms, Max Speed: 15.53 M/s, Avg Speed: 7.13 M/s, Max Resolution: 1280x720
Category: 💰央视付费频道, Name: 电视指南, Total: 2, Valid: 2, Valid Percent: 100.00%, Whitelist: 0, IPv4: 2, IPv6: 0, Min Delay: 408 ms, Max Speed: 6.79 M/s, Avg Speed: 4.77 M/s, Max Resolution: 1280x720
Category: 💰央视付费频道, Name: 世界地理, Total: 5, Valid: 5, Valid Percent: 100.00%, Whitelist: 0, IPv4: 5, IPv6: 0, Min Delay: 140 ms, Max Speed: 15.53 M/s, Avg Speed: 8.00 M/s, Max Resolution: 1280x720
Category: 💰央视付费频道, Name: 兵器科技, Total: 7, Valid: 7, Valid Percent: 100.00%, Whitelist: 0, IPv4: 7, IPv6: 0, Min Delay: 139 ms, Max Speed: 14.40 M/s, Avg Speed: 7.71 M/s, Max Resolution: 1920x1080
Category: 📡卫视频道, Name: 广东卫视, Total: 15, Valid: 15, Valid Percent: 100.00%, Whitelist: 0, IPv4: 15, IPv6: 0, Min Delay: 100 ms, Max Speed: 86.83 M/s, Avg Speed: 20.21 M/s, Max Resolution: 1920x1080
Category: 📡卫视频道, Name: 浙江卫视, Total: 15, Valid: 15, Valid Percent: 100.00%, Whitelist: 0, IPv4: 15, IPv6: 0, Min Delay: 139 ms, Max Speed: 15.53 M/s, Avg Speed: 9.25 M/s, Max Resolution: 1920x1080
Category: 📡卫视频道, Name: 湖南卫视, Total: 24, Valid: 24, Valid Percent: 100.00%, Whitelist: 0, IPv4: 24, IPv6: 0, Min Delay: 43 ms, Max Speed: 86.83 M/s, Avg Speed: 10.92 M/s, Max Resolution: 3840x2160
Category: 📡卫视频道, Name: 北京卫视, Total: 17, Valid: 17, Valid Percent: 100.00%, Whitelist: 0, IPv4: 17, IPv6: 0, Min Delay: 43 ms, Max Speed: 15.53 M/s, Avg Speed: 8.10 M/s, Max Resolution: 1920x1080
Category: 📡卫视频道, Name: 湖北卫视, Total: 16, Valid: 16, Valid Percent: 100.00%, Whitelist: 0, IPv4: 16, IPv6: 0, Min Delay: 43 ms, Max Speed: 15.53 M/s, Avg Speed: 9.16 M/s, Max Resolution: 1920x1080
Category: 📡卫视频道, Name: 黑龙江卫视, Total: 15, Valid: 15, Valid Percent: 100.00%, Whitelist: 0, IPv4: 15, IPv6: 0, Min Delay: 43 ms, Max Speed: 15.53 M/s, Avg Speed: 9.58 M/s, Max Resolution: 1920x1080
Category: 📡卫视频道, Name: 安徽卫视, Total: 16, Valid: 16, Valid Percent: 100.00%, Whitelist: 0, IPv4: 16, IPv6: 0, Min Delay: 139 ms, Max Speed: 15.53 M/s, Avg Speed: 9.55 M/s, Max Resolution: 1920x1080
Category: 📡卫视频道, Name: 重庆卫视, Total: 17, Valid: 17, Valid Percent: 100.00%, Whitelist: 0, IPv4: 17, IPv6: 0, Min Delay: 43 ms, Max Speed: 15.53 M/s, Avg Speed: 9.46 M/s, Max Resolution: 1920x1080
Category: 📡卫视频道, Name: 东方卫视, Total: 19, Valid: 19, Valid Percent: 100.00%, Whitelist: 0, IPv4: 19, IPv6: 0, Min Delay: 100 ms, Max Speed: 86.83 M/s, Avg Speed: 13.21 M/s, Max Resolution: 1920x1080
Category: 📡卫视频道, Name: 东南卫视, Total: 16, Valid: 16, Valid Percent: 100.00%, Whitelist: 0, IPv4: 16, IPv6: 0, Min Delay: 140 ms, Max Speed: 15.53 M/s, Avg Speed: 10.28 M/s, Max Resolution: 1920x1080
Category: 📡卫视频道, Name: 甘肃卫视, Total: 11, Valid: 11, Valid Percent: 100.00%, Whitelist: 0, IPv4: 11, IPv6: 0, Min Delay: 140 ms, Max Speed: 14.40 M/s, Avg Speed: 11.39 M/s, Max Resolution: 1920x1080
Category: 📡卫视频道, Name: 广西卫视, Total: 18, Valid: 17, Valid Percent: 94.44%, Whitelist: 0, IPv4: 16, IPv6: 2, Min Delay: 140 ms, Max Speed: 15.53 M/s, Avg Speed: 9.91 M/s, Max Resolution: 1920x1080
Category: 📡卫视频道, Name: 贵州卫视, Total: 17, Valid: 17, Valid Percent: 100.00%, Whitelist: 0, IPv4: 17, IPv6: 0, Min Delay: 140 ms, Max Speed: 15.53 M/s, Avg Speed: 10.86 M/s, Max Resolution: 1920x1080
Category: 📡卫视频道, Name: 海南卫视, Total: 11, Valid: 11, Valid Percent: 100.00%, Whitelist: 0, IPv4: 11, IPv6: 0, Min Delay: 43 ms, Max Speed: 14.40 M/s, Avg Speed: 10.24 M/s, Max Resolution: 1920x1080
Category: 📡卫视频道, Name: 河北卫视, Total: 18, Valid: 18, Valid Percent: 100.00%, Whitelist: 0, IPv4: 18, IPv6: 0, Min Delay: 43 ms, Max Speed: 15.53 M/s, Avg Speed: 9.94 M/s, Max Resolution: 1920x1080
Category: 📡卫视频道, Name: 河南卫视, Total: 19, Valid: 19, Valid Percent: 100.00%, Whitelist: 0, IPv4: 19, IPv6: 0, Min Delay: 139 ms, Max Speed: 15.53 M/s, Avg Speed: 10.31 M/s, Max Resolution: 1920x1080
Category: 📡卫视频道, Name: 吉林卫视, Total: 13, Valid: 13, Valid Percent: 100.00%, Whitelist: 0, IPv4: 13, IPv6: 0, Min Delay: 140 ms, Max Speed: 15.53 M/s, Avg Speed: 9.77 M/s, Max Resolution: 1920x1080
Category: 📡卫视频道, Name: 江苏卫视, Total: 18, Valid: 18, Valid Percent: 100.00%, Whitelist: 0, IPv4: 18, IPv6: 0, Min Delay: 100 ms, Max Speed: 86.83 M/s, Avg Speed: 13.14 M/s, Max Resolution: 1920x1080
Category: 📡卫视频道, Name: 江西卫视, Total: 15, Valid: 15, Valid Percent: 100.00%, Whitelist: 0, IPv4: 15, IPv6: 0, Min Delay: 43 ms, Max Speed: 15.53 M/s, Avg Speed: 9.58 M/s, Max Resolution: 1920x1080
Category: 📡卫视频道, Name: 辽宁卫视, Total: 16, Valid: 16, Valid Percent: 100.00%, Whitelist: 0, IPv4: 16, IPv6: 0, Min Delay: 140 ms, Max Speed: 15.53 M/s, Avg Speed: 9.91 M/s, Max Resolution: 1920x1080
Category: 📡卫视频道, Name: 内蒙古卫视, Total: 14, Valid: 14, Valid Percent: 100.00%, Whitelist: 0, IPv4: 14, IPv6: 0, Min Delay: 43 ms, Max Speed: 15.53 M/s, Avg Speed: 8.35 M/s, Max Resolution: 1920x1080
Category: 📡卫视频道, Name: 宁夏卫视, Total: 13, Valid: 13, Valid Percent: 100.00%, Whitelist: 0, IPv4: 13, IPv6: 0, Min Delay: 140 ms, Max Speed: 15.53 M/s, Avg Speed: 10.27 M/s, Max Resolution: 1920x1080
Category: 📡卫视频道, Name: 青海卫视, Total: 18, Valid: 18, Valid Percent: 100.00%, Whitelist: 0, IPv4: 16, IPv6: 2, Min Delay: 43 ms, Max Speed: 15.53 M/s, Avg Speed: 8.86 M/s, Max Resolution: 1920x1080
Category: 📡卫视频道, Name: 山东卫视, Total: 16, Valid: 16, Valid Percent: 100.00%, Whitelist: 0, IPv4: 16, IPv6: 0, Min Delay: 139 ms, Max Speed: 15.53 M/s, Avg Speed: 9.41 M/s, Max Resolution: 1920x1080
Category: 📡卫视频道, Name: 山西卫视, Total: 12, Valid: 12, Valid Percent: 100.00%, Whitelist: 0, IPv4: 12, IPv6: 0, Min Delay: 43 ms, Max Speed: 15.53 M/s, Avg Speed: 9.55 M/s, Max Resolution: 1920x1080
Category: 📡卫视频道, Name: 陕西卫视, Total: 12, Valid: 12, Valid Percent: 100.00%, Whitelist: 0, IPv4: 12, IPv6: 0, Min Delay: 43 ms, Max Speed: 15.53 M/s, Avg Speed: 7.41 M/s, Max Resolution: 1920x1080
Category: 📡卫视频道, Name: 四川卫视, Total: 20, Valid: 20, Valid Percent: 100.00%, Whitelist: 0, IPv4: 20, IPv6: 0, Min Delay: 43 ms, Max Speed: 15.53 M/s, Avg Speed: 9.38 M/s, Max Resolution: 1920x1080
Category: 📡卫视频道, Name: 深圳卫视, Total: 18, Valid: 18, Valid Percent: 100.00%, Whitelist: 0, IPv4: 18, IPv6: 0, Min Delay: 139 ms, Max Speed: 15.53 M/s, Avg Speed: 8.52 M/s, Max Resolution: 1920x1080
Category: 📡卫视频道, Name: 三沙卫视, Total: 11, Valid: 11, Valid Percent: 100.00%, Whitelist: 0, IPv4: 11, IPv6: 0, Min Delay: 245 ms, Max Speed: 15.53 M/s, Avg Speed: 10.19 M/s, Max Resolution: 1920x1080
Category: 📡卫视频道, Name: 天津卫视, Total: 14, Valid: 14, Valid Percent: 100.00%, Whitelist: 0, IPv4: 14, IPv6: 0, Min Delay: 139 ms, Max Speed: 15.53 M/s, Avg Speed: 9.12 M/s, Max Resolution: 1920x1080
Category: 📡卫视频道, Name: 西藏卫视, Total: 14, Valid: 14, Valid Percent: 100.00%, Whitelist: 0, IPv4: 12, IPv6: 2, Min Delay: 43 ms, Max Speed: 15.53 M/s, Avg Speed: 7.49 M/s, Max Resolution: 1920x1080
Category: 📡卫视频道, Name: 新疆卫视, Total: 17, Valid: 17, Valid Percent: 100.00%, Whitelist: 0, IPv4: 16, IPv6: 1, Min Delay: 43 ms, Max Speed: 15.53 M/s, Avg Speed: 6.83 M/s, Max Resolution: 1920x1080
Category: 📡卫视频道, Name: 云南卫视, Total: 18, Valid: 18, Valid Percent: 100.00%, Whitelist: 0, IPv4: 17, IPv6: 1, Min Delay: 140 ms, Max Speed: 15.53 M/s, Avg Speed: 9.51 M/s, Max Resolution: 1920x1080
Category: ☘️上海频道, Name: 上海外语, Total: 2, Valid: 2, Valid Percent: 100.00%, Whitelist: 0, IPv4: 2, IPv6: 0, Min Delay: 326 ms, Max Speed: 8.79 M/s, Avg Speed: 8.79 M/s, Max Resolution: 1920x1080
Category: ☘️上海频道, Name: 东方影视, Total: 2, Valid: 2, Valid Percent: 100.00%, Whitelist: 0, IPv4: 1, IPv6: 1, Min Delay: 1628 ms, Max Speed: 2.75 M/s, Avg Speed: 1.59 M/s, Max Resolution: 1920x1080
Category: ☘️上海频道, Name: 哈哈炫动, Total: 2, Valid: 2, Valid Percent: 100.00%, Whitelist: 0, IPv4: 1, IPv6: 1, Min Delay: 408 ms, Max Speed: 6.79 M/s, Avg Speed: 3.61 M/s, Max Resolution: 1920x1080
Category: ☘️上海频道, Name: 新闻综合, Total: 4, Valid: 4, Valid Percent: 100.00%, Whitelist: 0, IPv4: 4, IPv6: 0, Min Delay: 1189 ms, Max Speed: 1.16 M/s, Avg Speed: 0.88 M/s, Max Resolution: 1920x1080
Category: ☘️上海频道, Name: 欢笑剧场, Total: 3, Valid: 3, Valid Percent: 100.00%, Whitelist: 0, IPv4: 3, IPv6: 0, Min Delay: 408 ms, Max Speed: 7.00 M/s, Avg Speed: 5.51 M/s, Max Resolution: 1920x1080
Category: ☘️上海频道, Name: 法治天地, Total: 6, Valid: 6, Valid Percent: 100.00%, Whitelist: 0, IPv4: 5, IPv6: 1, Min Delay: 471 ms, Max Speed: 14.40 M/s, Avg Speed: 10.84 M/s, Max Resolution: 1920x1080
Category: ☘️上海频道, Name: 第一财经, Total: 1, Valid: 1, Valid Percent: 100.00%, Whitelist: 0, IPv4: 1, IPv6: 0, Min Delay: 43 ms, Max Speed: 2.30 M/s, Avg Speed: 2.30 M/s, Max Resolution: None
Category: ☘️上海频道, Name: 都市剧场, Total: 9, Valid: 9, Valid Percent: 100.00%, Whitelist: 0, IPv4: 9, IPv6: 0, Min Delay: 61 ms, Max Speed: 14.40 M/s, Avg Speed: 8.65 M/s, Max Resolution: 1920x1080
Category: 🏀体育频道, Name: CCTV-5, Total: 25, Valid: 25, Valid Percent: 100.00%, Whitelist: 0, IPv4: 25, IPv6: 0, Min Delay: 139 ms, Max Speed: 15.53 M/s, Avg Speed: 7.02 M/s, Max Resolution: 1920x1080
Category: 🏀体育频道, Name: CCTV-5+, Total: 7, Valid: 7, Valid Percent: 100.00%, Whitelist: 0, IPv4: 7, IPv6: 0, Min Delay: 139 ms, Max Speed: 15.53 M/s, Avg Speed: 5.88 M/s, Max Resolution: 1920x1080
Category: 🏀体育频道, Name: 广东体育, Total: 8, Valid: 8, Valid Percent: 100.00%, Whitelist: 0, IPv4: 4, IPv6: 4, Min Delay: 174 ms, Max Speed: 53.30 M/s, Avg Speed: 18.02 M/s, Max Resolution: 1920x1080
Category: 🏀体育频道, Name: 纬来体育, Total: 5, Valid: 4, Valid Percent: 80.00%, Whitelist: 0, IPv4: 1, IPv6: 4, Min Delay: 1086 ms, Max Speed: 0.64 M/s, Avg Speed: 0.64 M/s, Max Resolution: 1920x1080
Category: 🏀体育频道, Name: 五星体育, Total: 3, Valid: 3, Valid Percent: 100.00%, Whitelist: 0, IPv4: 2, IPv6: 1, Min Delay: 174 ms, Max Speed: 53.30 M/s, Avg Speed: 20.95 M/s, Max Resolution: 1920x1080
